[2026-05-26 20:00:27,611] INFO [QuorumController id=1] In the last 60000 ms period, 319 controller events were completed, which took an average of 12.59 ms each. The slowest event was writeNoOpRecord(1402545407), which took 45.03 ms. (org.apache.kafka.controller.EventPerformanceMonitor)
[2026-05-26 20:01:26,565] INFO [QuorumController id=1] Periodic task electPreferred generated 0 records in 140 microseconds. (org.apache.kafka.controller.PeriodicTaskControlManager)
[2026-05-26 20:01:26,565] INFO [QuorumController id=1] Periodic task electUnclean generated 0 records in 21 microseconds. (org.apache.kafka.controller.PeriodicTaskControlManager)
[2026-05-26 20:01:27,625] INFO [QuorumController id=1] In the last 60000 ms period, 324 controller events were completed, which took an average of 12.28 ms each. The slowest event was writeNoOpRecord(1796292610), which took 69.40 ms. (org.apache.kafka.controller.EventPerformanceMonitor)
[2026-05-26 20:02:27,628] INFO [QuorumController id=1] In the last 60000 ms period, 320 controller events were completed, which took an average of 12.49 ms each. The slowest event was writeNoOpRecord(412347215), which took 41.53 ms. (org.apache.kafka.controller.EventPerformanceMonitor)
[2026-05-26 20:03:27,640] INFO [QuorumController id=1] In the last 60000 ms period, 320 controller events were completed, which took an average of 12.80 ms each. The slowest event was writeNoOpRecord(1079365751), which took 53.33 ms. (org.apache.kafka.controller.EventPerformanceMonitor)
[2026-05-26 20:04:27,642] INFO [QuorumController id=1] In the last 60000 ms period, 322 controller events were completed, which took an average of 13.09 ms each. The slowest event was writeNoOpRecord(634685418), which took 47.01 ms. (org.apache.kafka.controller.EventPerformanceMonitor)
[2026-05-26 20:05:27,657] INFO [QuorumController id=1] In the last 60000 ms period, 319 controller events were completed, which took an average of 13.41 ms each. The slowest event was writeNoOpRecord(508244437), which took 43.94 ms. (org.apache.kafka.controller.EventPerformanceMonitor)
[2026-05-26 20:06:26,570] INFO [QuorumController id=1] Periodic task electPreferred generated 0 records in 27 microseconds. (org.apache.kafka.controller.PeriodicTaskControlManager)
[2026-05-26 20:06:26,570] INFO [QuorumController id=1] Periodic task electUnclean generated 0 records in 28 microseconds. (org.apache.kafka.controller.PeriodicTaskControlManager)
[2026-05-26 20:06:27,668] INFO [QuorumController id=1] In the last 60000 ms period, 322 controller events were completed, which took an average of 12.89 ms each. The slowest event was writeNoOpRecord(230390135), which took 55.74 ms. (org.apache.kafka.controller.EventPerformanceMonitor)
[2026-05-26 20:07:27,672] INFO [QuorumController id=1] In the last 60000 ms period, 320 controller events were completed, which took an average of 13.38 ms each. The slowest event was writeNoOpRecord(141479803), which took 55.20 ms. (org.apache.kafka.controller.EventPerformanceMonitor)
[2026-05-26 20:08:27,754] INFO [QuorumController id=1] In the last 60000 ms period, 320 controller events were completed, which took an average of 13.46 ms each. The slowest event was writeNoOpRecord(1811773645), which took 50.05 ms. (org.apache.kafka.controller.EventPerformanceMonitor)
[2026-05-26 20:09:27,759] INFO [QuorumController id=1] In the last 60000 ms period, 322 controller events were completed, which took an average of 13.01 ms each. The slowest event was writeNoOpRecord(2042483869), which took 62.59 ms. (org.apache.kafka.controller.EventPerformanceMonitor)
[2026-05-26 20:10:27,767] INFO [QuorumController id=1] In the last 60000 ms period, 319 controller events were completed, which took an average of 13.39 ms each. The slowest event was writeNoOpRecord(1097442484), which took 62.49 ms. (org.apache.kafka.controller.EventPerformanceMonitor)
[2026-05-26 20:11:08,842] INFO [QuorumController id=1] Unfenced broker 1 has requested and been granted a controlled shutdown. (org.apache.kafka.controller.BrokerHeartbeatManager)
[2026-05-26 20:11:08,874] INFO [QuorumController id=1] enterControlledShutdown[1]: changing 52 partition(s) (org.apache.kafka.controller.ReplicationControlManager)
[2026-05-26 20:11:08,874] INFO [QuorumController id=1] Replayed BrokerRegistrationChangeRecord modifying the registration for broker 1: BrokerRegistrationChangeRecord(brokerId=1, brokerEpoch=551, fenced=0, inControlledShutdown=1, logDirs=[]) (org.apache.kafka.controller.ClusterControlManager)
[2026-05-26 20:11:08,972] INFO [QuorumController id=1] The request from broker 1 to shut down has been granted since the lowest active offset 9223372036854775807 is now greater than the broker's controlled shutdown offset 14750. (org.apache.kafka.controller.BrokerHeartbeatManager)
[2026-05-26 20:11:08,972] INFO [QuorumController id=1] Replayed BrokerRegistrationChangeRecord modifying the registration for broker 1: BrokerRegistrationChangeRecord(brokerId=1, brokerEpoch=551, fenced=1, inControlledShutdown=0, logDirs=[]) (org.apache.kafka.controller.ClusterControlManager)
[2026-05-26 20:11:09,513] INFO [QuorumController id=1] writeNoOpRecord: event unable to start processing because of RejectedExecutionException (treated as TimeoutException). Exception message: The event queue is shutting down (org.apache.kafka.controller.QuorumController)
[2026-05-26 20:11:09,513] INFO [QuorumController id=1] maybeFenceStaleBroker: event unable to start processing because of RejectedExecutionException (treated as TimeoutException). Exception message: The event queue is shutting down (org.apache.kafka.controller.QuorumController)
[2026-05-26 20:11:09,513] INFO [QuorumController id=1] expireDelegationTokens: event unable to start processing because of RejectedExecutionException (treated as TimeoutException). Exception message: The event queue is shutting down (org.apache.kafka.controller.QuorumController)
[2026-05-26 20:11:09,513] INFO [QuorumController id=1] electPreferred: event unable to start processing because of RejectedExecutionException (treated as TimeoutException). Exception message: The event queue is shutting down (org.apache.kafka.controller.QuorumController)
[2026-05-26 20:11:09,513] INFO [QuorumController id=1] electUnclean: event unable to start processing because of RejectedExecutionException (treated as TimeoutException). Exception message: The event queue is shutting down (org.apache.kafka.controller.QuorumController)
[2026-05-26 20:11:09,513] INFO [QuorumController id=1] generatePeriodicPerformanceMessage: event unable to start processing because of RejectedExecutionException (treated as TimeoutException). Exception message: The event queue is shutting down (org.apache.kafka.controller.QuorumController)
