[2026-05-26 20:11:08,811] INFO [BrokerServer id=1] Transition from STARTED to SHUTTING_DOWN (kafka.server.BrokerServer)
[2026-05-26 20:11:08,827] INFO [BrokerServer id=1] shutting down (kafka.server.BrokerServer)
[2026-05-26 20:11:08,842] INFO [BrokerLifecycleManager id=1] Beginning controlled shutdown. (kafka.server.BrokerLifecycleManager)
[2026-05-26 20:11:08,907] INFO [BrokerLifecycleManager id=1] The broker is in PENDING_CONTROLLED_SHUTDOWN state, still waiting for the active controller. (kafka.server.BrokerLifecycleManager)
[2026-05-26 20:11:08,923] INFO [ReplicaFetcherManager on broker 1] Removed fetcher for partitions HashSet(__consumer_offsets-22, __consumer_offsets-30, __consumer_offsets-25, __consumer_offsets-35, __consumer_offsets-37, __consumer_offsets-38, __consumer_offsets-13, __consumer_offsets-8, __consumer_offsets-21, __consumer_offsets-4, __consumer_offsets-27, __consumer_offsets-7, __consumer_offsets-9, __consumer_offsets-46, __consumer_offsets-41, __consumer_offsets-33, __consumer_offsets-23, Course-0, __consumer_offsets-49, __consumer_offsets-47, __consumer_offsets-16, __consumer_offsets-28, __consumer_offsets-31, __consumer_offsets-36, __consumer_offsets-42, __consumer_offsets-3, __consumer_offsets-18, __consumer_offsets-15, __consumer_offsets-24, __consumer_offsets-17, __consumer_offsets-48, my-first-topic-0, __consumer_offsets-19, __consumer_offsets-11, __consumer_offsets-2, __consumer_offsets-43, __consumer_offsets-6, __consumer_offsets-14, __consumer_offsets-20, __consumer_offsets-0, __consumer_offsets-44, __consumer_offsets-39, __consumer_offsets-12, __consumer_offsets-45, __consumer_offsets-1, __consumer_offsets-5, __consumer_offsets-26, __consumer_offsets-29, __consumer_offsets-34, __consumer_offsets-10, __consumer_offsets-32, __consumer_offsets-40) (kafka.server.ReplicaFetcherManager)
[2026-05-26 20:11:08,923] INFO [ReplicaAlterLogDirsManager on broker 1] Removed fetcher for partitions HashSet(__consumer_offsets-22, __consumer_offsets-30, __consumer_offsets-25, __consumer_offsets-35, __consumer_offsets-37, __consumer_offsets-38, __consumer_offsets-13, __consumer_offsets-8, __consumer_offsets-21, __consumer_offsets-4, __consumer_offsets-27, __consumer_offsets-7, __consumer_offsets-9, __consumer_offsets-46, __consumer_offsets-41, __consumer_offsets-33, __consumer_offsets-23, Course-0, __consumer_offsets-49, __consumer_offsets-47, __consumer_offsets-16, __consumer_offsets-28, __consumer_offsets-31, __consumer_offsets-36, __consumer_offsets-42, __consumer_offsets-3, __consumer_offsets-18, __consumer_offsets-15, __consumer_offsets-24, __consumer_offsets-17, __consumer_offsets-48, my-first-topic-0, __consumer_offsets-19, __consumer_offsets-11, __consumer_offsets-2, __consumer_offsets-43, __consumer_offsets-6, __consumer_offsets-14, __consumer_offsets-20, __consumer_offsets-0, __consumer_offsets-44, __consumer_offsets-39, __consumer_offsets-12, __consumer_offsets-45, __consumer_offsets-1, __consumer_offsets-5, __consumer_offsets-26, __consumer_offsets-29, __consumer_offsets-34, __consumer_offsets-10, __consumer_offsets-32, __consumer_offsets-40) (kafka.server.ReplicaAlterLogDirsManager)
[2026-05-26 20:11:08,938] INFO [GroupCoordinator id=1] Scheduling unloading of metadata for __consumer_offsets-13 with epoch OptionalInt[1] (org.apache.kafka.coordinator.common.runtime.CoordinatorRuntime)
[2026-05-26 20:11:08,938] INFO [GroupCoordinator id=1] Scheduling unloading of metadata for __consumer_offsets-46 with epoch OptionalInt[1] (org.apache.kafka.coordinator.common.runtime.CoordinatorRuntime)
[2026-05-26 20:11:08,952] INFO [GroupCoordinator id=1] Scheduling unloading of metadata for __consumer_offsets-9 with epoch OptionalInt[1] (org.apache.kafka.coordinator.common.runtime.CoordinatorRuntime)
[2026-05-26 20:11:08,938] INFO [GroupCoordinator id=1] Started unloading metadata for __consumer_offsets-13 with epoch OptionalInt[1]. (org.apache.kafka.coordinator.common.runtime.CoordinatorRuntime)
[2026-05-26 20:11:08,952] INFO [GroupCoordinator id=1] Finished unloading metadata for __consumer_offsets-13 with epoch OptionalInt[1]. (org.apache.kafka.coordinator.common.runtime.CoordinatorRuntime)
[2026-05-26 20:11:08,952] INFO [GroupCoordinator id=1] Started unloading metadata for __consumer_offsets-9 with epoch OptionalInt[1]. (org.apache.kafka.coordinator.common.runtime.CoordinatorRuntime)
[2026-05-26 20:11:08,952] INFO [GroupCoordinator id=1] Started unloading metadata for __consumer_offsets-46 with epoch OptionalInt[1]. (org.apache.kafka.coordinator.common.runtime.CoordinatorRuntime)
[2026-05-26 20:11:08,952] INFO [GroupCoordinator id=1] Scheduling unloading of metadata for __consumer_offsets-42 with epoch OptionalInt[1] (org.apache.kafka.coordinator.common.runtime.CoordinatorRuntime)
[2026-05-26 20:11:08,954] INFO [GroupCoordinator id=1] Finished unloading metadata for __consumer_offsets-46 with epoch OptionalInt[1]. (org.apache.kafka.coordinator.common.runtime.CoordinatorRuntime)
[2026-05-26 20:11:08,954] INFO [GroupCoordinator id=1] Finished unloading metadata for __consumer_offsets-9 with epoch OptionalInt[1]. (org.apache.kafka.coordinator.common.runtime.CoordinatorRuntime)
[2026-05-26 20:11:08,955] INFO [GroupCoordinator id=1] Started unloading metadata for __consumer_offsets-42 with epoch OptionalInt[1]. (org.apache.kafka.coordinator.common.runtime.CoordinatorRuntime)
[2026-05-26 20:11:08,955] INFO [GroupCoordinator id=1] Scheduling unloading of metadata for __consumer_offsets-21 with epoch OptionalInt[1] (org.apache.kafka.coordinator.common.runtime.CoordinatorRuntime)
[2026-05-26 20:11:08,955] INFO [GroupCoordinator id=1] Scheduling unloading of metadata for __consumer_offsets-17 with epoch OptionalInt[1] (org.apache.kafka.coordinator.common.runtime.CoordinatorRuntime)
[2026-05-26 20:11:08,956] INFO [GroupCoordinator id=1] Scheduling unloading of metadata for __consumer_offsets-30 with epoch OptionalInt[1] (org.apache.kafka.coordinator.common.runtime.CoordinatorRuntime)
[2026-05-26 20:11:08,955] INFO [GroupCoordinator id=1] Finished unloading metadata for __consumer_offsets-42 with epoch OptionalInt[1]. (org.apache.kafka.coordinator.common.runtime.CoordinatorRuntime)
[2026-05-26 20:11:08,956] INFO [GroupCoordinator id=1] Started unloading metadata for __consumer_offsets-21 with epoch OptionalInt[1]. (org.apache.kafka.coordinator.common.runtime.CoordinatorRuntime)
[2026-05-26 20:11:08,956] INFO [GroupCoordinator id=1] Finished unloading metadata for __consumer_offsets-21 with epoch OptionalInt[1]. (org.apache.kafka.coordinator.common.runtime.CoordinatorRuntime)
[2026-05-26 20:11:08,956] INFO [GroupCoordinator id=1] Started unloading metadata for __consumer_offsets-30 with epoch OptionalInt[1]. (org.apache.kafka.coordinator.common.runtime.CoordinatorRuntime)
[2026-05-26 20:11:08,956] INFO [GroupCoordinator id=1] Finished unloading metadata for __consumer_offsets-30 with epoch OptionalInt[1]. (org.apache.kafka.coordinator.common.runtime.CoordinatorRuntime)
[2026-05-26 20:11:08,956] INFO [GroupCoordinator id=1] Scheduling unloading of metadata for __consumer_offsets-26 with epoch OptionalInt[1] (org.apache.kafka.coordinator.common.runtime.CoordinatorRuntime)
[2026-05-26 20:11:08,956] INFO [GroupCoordinator id=1] Scheduling unloading of metadata for __consumer_offsets-5 with epoch OptionalInt[1] (org.apache.kafka.coordinator.common.runtime.CoordinatorRuntime)
[2026-05-26 20:11:08,956] INFO [GroupCoordinator id=1] Started unloading metadata for __consumer_offsets-26 with epoch OptionalInt[1]. (org.apache.kafka.coordinator.common.runtime.CoordinatorRuntime)
[2026-05-26 20:11:08,956] INFO [GroupCoordinator id=1] Started unloading metadata for __consumer_offsets-17 with epoch OptionalInt[1]. (org.apache.kafka.coordinator.common.runtime.CoordinatorRuntime)
[2026-05-26 20:11:08,957] INFO [GroupCoordinator id=1] Finished unloading metadata for __consumer_offsets-17 with epoch OptionalInt[1]. (org.apache.kafka.coordinator.common.runtime.CoordinatorRuntime)
[2026-05-26 20:11:08,956] INFO [GroupCoordinator id=1] Started unloading metadata for __consumer_offsets-5 with epoch OptionalInt[1]. (org.apache.kafka.coordinator.common.runtime.CoordinatorRuntime)
[2026-05-26 20:11:08,956] INFO [GroupCoordinator id=1] Scheduling unloading of metadata for __consumer_offsets-38 with epoch OptionalInt[1] (org.apache.kafka.coordinator.common.runtime.CoordinatorRuntime)
[2026-05-26 20:11:08,958] INFO [GroupCoordinator id=1] Scheduling unloading of metadata for __consumer_offsets-1 with epoch OptionalInt[1] (org.apache.kafka.coordinator.common.runtime.CoordinatorRuntime)
[2026-05-26 20:11:08,958] INFO [GroupCoordinator id=1] Scheduling unloading of metadata for __consumer_offsets-34 with epoch OptionalInt[1] (org.apache.kafka.coordinator.common.runtime.CoordinatorRuntime)
[2026-05-26 20:11:08,958] INFO [GroupCoordinator id=1] Scheduling unloading of metadata for __consumer_offsets-16 with epoch OptionalInt[1] (org.apache.kafka.coordinator.common.runtime.CoordinatorRuntime)
[2026-05-26 20:11:08,958] INFO [GroupCoordinator id=1] Scheduling unloading of metadata for __consumer_offsets-45 with epoch OptionalInt[1] (org.apache.kafka.coordinator.common.runtime.CoordinatorRuntime)
[2026-05-26 20:11:08,958] INFO [GroupCoordinator id=1] Scheduling unloading of metadata for __consumer_offsets-12 with epoch OptionalInt[1] (org.apache.kafka.coordinator.common.runtime.CoordinatorRuntime)
[2026-05-26 20:11:08,958] INFO [GroupCoordinator id=1] Scheduling unloading of metadata for __consumer_offsets-41 with epoch OptionalInt[1] (org.apache.kafka.coordinator.common.runtime.CoordinatorRuntime)
[2026-05-26 20:11:08,958] INFO [GroupCoordinator id=1] Scheduling unloading of metadata for __consumer_offsets-24 with epoch OptionalInt[1] (org.apache.kafka.coordinator.common.runtime.CoordinatorRuntime)
[2026-05-26 20:11:08,958] INFO [GroupCoordinator id=1] Scheduling unloading of metadata for __consumer_offsets-20 with epoch OptionalInt[1] (org.apache.kafka.coordinator.common.runtime.CoordinatorRuntime)
[2026-05-26 20:11:08,958] INFO [GroupCoordinator id=1] Scheduling unloading of metadata for __consumer_offsets-49 with epoch OptionalInt[1] (org.apache.kafka.coordinator.common.runtime.CoordinatorRuntime)
[2026-05-26 20:11:08,958] INFO [GroupCoordinator id=1] Scheduling unloading of metadata for __consumer_offsets-0 with epoch OptionalInt[1] (org.apache.kafka.coordinator.common.runtime.CoordinatorRuntime)
[2026-05-26 20:11:08,958] INFO [GroupCoordinator id=1] Started unloading metadata for __consumer_offsets-1 with epoch OptionalInt[1]. (org.apache.kafka.coordinator.common.runtime.CoordinatorRuntime)
[2026-05-26 20:11:08,958] INFO [GroupCoordinator id=1] Scheduling unloading of metadata for __consumer_offsets-29 with epoch OptionalInt[1] (org.apache.kafka.coordinator.common.runtime.CoordinatorRuntime)
[2026-05-26 20:11:08,958] INFO [GroupCoordinator id=1] Scheduling unloading of metadata for __consumer_offsets-25 with epoch OptionalInt[1] (org.apache.kafka.coordinator.common.runtime.CoordinatorRuntime)
[2026-05-26 20:11:08,958] INFO [GroupCoordinator id=1] Scheduling unloading of metadata for __consumer_offsets-8 with epoch OptionalInt[1] (org.apache.kafka.coordinator.common.runtime.CoordinatorRuntime)
[2026-05-26 20:11:08,958] INFO [GroupCoordinator id=1] Scheduling unloading of metadata for __consumer_offsets-37 with epoch OptionalInt[1] (org.apache.kafka.coordinator.common.runtime.CoordinatorRuntime)
[2026-05-26 20:11:08,958] INFO [GroupCoordinator id=1] Scheduling unloading of metadata for __consumer_offsets-4 with epoch OptionalInt[1] (org.apache.kafka.coordinator.common.runtime.CoordinatorRuntime)
[2026-05-26 20:11:08,958] INFO [GroupCoordinator id=1] Scheduling unloading of metadata for __consumer_offsets-33 with epoch OptionalInt[1] (org.apache.kafka.coordinator.common.runtime.CoordinatorRuntime)
[2026-05-26 20:11:08,958] INFO [GroupCoordinator id=1] Scheduling unloading of metadata for __consumer_offsets-15 with epoch OptionalInt[1] (org.apache.kafka.coordinator.common.runtime.CoordinatorRuntime)
[2026-05-26 20:11:08,958] INFO [GroupCoordinator id=1] Scheduling unloading of metadata for __consumer_offsets-48 with epoch OptionalInt[1] (org.apache.kafka.coordinator.common.runtime.CoordinatorRuntime)
[2026-05-26 20:11:08,958] INFO [GroupCoordinator id=1] Started unloading metadata for __consumer_offsets-38 with epoch OptionalInt[1]. (org.apache.kafka.coordinator.common.runtime.CoordinatorRuntime)
[2026-05-26 20:11:08,958] INFO [GroupCoordinator id=1] Finished unloading metadata for __consumer_offsets-38 with epoch OptionalInt[1]. (org.apache.kafka.coordinator.common.runtime.CoordinatorRuntime)
[2026-05-26 20:11:08,958] INFO [GroupCoordinator id=1] Finished unloading metadata for __consumer_offsets-5 with epoch OptionalInt[1]. (org.apache.kafka.coordinator.common.runtime.CoordinatorRuntime)
[2026-05-26 20:11:08,958] INFO [GroupCoordinator id=1] Scheduling unloading of metadata for __consumer_offsets-11 with epoch OptionalInt[1] (org.apache.kafka.coordinator.common.runtime.CoordinatorRuntime)
[2026-05-26 20:11:08,958] INFO [GroupCoordinator id=1] Scheduling unloading of metadata for __consumer_offsets-44 with epoch OptionalInt[1] (org.apache.kafka.coordinator.common.runtime.CoordinatorRuntime)
[2026-05-26 20:11:08,958] INFO [GroupCoordinator id=1] Scheduling unloading of metadata for __consumer_offsets-23 with epoch OptionalInt[1] (org.apache.kafka.coordinator.common.runtime.CoordinatorRuntime)
[2026-05-26 20:11:08,958] INFO [GroupCoordinator id=1] Scheduling unloading of metadata for __consumer_offsets-19 with epoch OptionalInt[1] (org.apache.kafka.coordinator.common.runtime.CoordinatorRuntime)
[2026-05-26 20:11:08,958] INFO [GroupCoordinator id=1] Finished unloading metadata for __consumer_offsets-1 with epoch OptionalInt[1]. (org.apache.kafka.coordinator.common.runtime.CoordinatorRuntime)
[2026-05-26 20:11:08,958] INFO [GroupCoordinator id=1] Started unloading metadata for __consumer_offsets-8 with epoch OptionalInt[1]. (org.apache.kafka.coordinator.common.runtime.CoordinatorRuntime)
[2026-05-26 20:11:08,957] INFO [GroupCoordinator id=1] Finished unloading metadata for __consumer_offsets-26 with epoch OptionalInt[1]. (org.apache.kafka.coordinator.common.runtime.CoordinatorRuntime)
[2026-05-26 20:11:08,958] INFO [GroupCoordinator id=1 topic=__consumer_offsets partition=8] [GroupId=Kafka_listner] Unloading group metadata for generation 43. (org.apache.kafka.coordinator.group.GroupMetadataManager)
[2026-05-26 20:11:08,958] INFO [GroupCoordinator id=1] Scheduling unloading of metadata for __consumer_offsets-32 with epoch OptionalInt[1] (org.apache.kafka.coordinator.common.runtime.CoordinatorRuntime)
[2026-05-26 20:11:08,958] INFO [GroupCoordinator id=1] Started unloading metadata for __consumer_offsets-4 with epoch OptionalInt[1]. (org.apache.kafka.coordinator.common.runtime.CoordinatorRuntime)
[2026-05-26 20:11:08,958] INFO [GroupCoordinator id=1] Finished unloading metadata for __consumer_offsets-4 with epoch OptionalInt[1]. (org.apache.kafka.coordinator.common.runtime.CoordinatorRuntime)
[2026-05-26 20:11:08,958] INFO [GroupCoordinator id=1] Started unloading metadata for __consumer_offsets-44 with epoch OptionalInt[1]. (org.apache.kafka.coordinator.common.runtime.CoordinatorRuntime)
[2026-05-26 20:11:08,958] INFO [GroupCoordinator id=1] Finished unloading metadata for __consumer_offsets-8 with epoch OptionalInt[1]. (org.apache.kafka.coordinator.common.runtime.CoordinatorRuntime)
[2026-05-26 20:11:08,958] INFO [GroupCoordinator id=1] Started unloading metadata for __consumer_offsets-29 with epoch OptionalInt[1]. (org.apache.kafka.coordinator.common.runtime.CoordinatorRuntime)
[2026-05-26 20:11:08,958] INFO [GroupCoordinator id=1] Started unloading metadata for __consumer_offsets-11 with epoch OptionalInt[1]. (org.apache.kafka.coordinator.common.runtime.CoordinatorRuntime)
[2026-05-26 20:11:08,958] INFO [GroupCoordinator id=1] Finished unloading metadata for __consumer_offsets-29 with epoch OptionalInt[1]. (org.apache.kafka.coordinator.common.runtime.CoordinatorRuntime)
[2026-05-26 20:11:08,958] INFO [GroupCoordinator id=1] Started unloading metadata for __consumer_offsets-32 with epoch OptionalInt[1]. (org.apache.kafka.coordinator.common.runtime.CoordinatorRuntime)
[2026-05-26 20:11:08,958] INFO [GroupCoordinator id=1] Scheduling unloading of metadata for __consumer_offsets-28 with epoch OptionalInt[1] (org.apache.kafka.coordinator.common.runtime.CoordinatorRuntime)
[2026-05-26 20:11:08,958] INFO [GroupCoordinator id=1] Scheduling unloading of metadata for __consumer_offsets-7 with epoch OptionalInt[1] (org.apache.kafka.coordinator.common.runtime.CoordinatorRuntime)
[2026-05-26 20:11:08,958] INFO [GroupCoordinator id=1] Started unloading metadata for __consumer_offsets-0 with epoch OptionalInt[1]. (org.apache.kafka.coordinator.common.runtime.CoordinatorRuntime)
[2026-05-26 20:11:08,958] INFO [GroupCoordinator id=1] Finished unloading metadata for __consumer_offsets-0 with epoch OptionalInt[1]. (org.apache.kafka.coordinator.common.runtime.CoordinatorRuntime)
[2026-05-26 20:11:08,958] INFO [GroupCoordinator id=1] Finished unloading metadata for __consumer_offsets-32 with epoch OptionalInt[1]. (org.apache.kafka.coordinator.common.runtime.CoordinatorRuntime)
[2026-05-26 20:11:08,958] INFO [GroupCoordinator id=1] Started unloading metadata for __consumer_offsets-25 with epoch OptionalInt[1]. (org.apache.kafka.coordinator.common.runtime.CoordinatorRuntime)
[2026-05-26 20:11:08,958] INFO [GroupCoordinator id=1] Finished unloading metadata for __consumer_offsets-44 with epoch OptionalInt[1]. (org.apache.kafka.coordinator.common.runtime.CoordinatorRuntime)
[2026-05-26 20:11:08,958] INFO [GroupCoordinator id=1] Finished unloading metadata for __consumer_offsets-25 with epoch OptionalInt[1]. (org.apache.kafka.coordinator.common.runtime.CoordinatorRuntime)
[2026-05-26 20:11:08,958] INFO [GroupCoordinator id=1] Started unloading metadata for __consumer_offsets-12 with epoch OptionalInt[1]. (org.apache.kafka.coordinator.common.runtime.CoordinatorRuntime)
[2026-05-26 20:11:08,958] INFO [GroupCoordinator id=1] Finished unloading metadata for __consumer_offsets-12 with epoch OptionalInt[1]. (org.apache.kafka.coordinator.common.runtime.CoordinatorRuntime)
[2026-05-26 20:11:08,958] INFO [GroupCoordinator id=1] Finished unloading metadata for __consumer_offsets-11 with epoch OptionalInt[1]. (org.apache.kafka.coordinator.common.runtime.CoordinatorRuntime)
[2026-05-26 20:11:08,958] INFO [GroupCoordinator id=1] Started unloading metadata for __consumer_offsets-48 with epoch OptionalInt[1]. (org.apache.kafka.coordinator.common.runtime.CoordinatorRuntime)
[2026-05-26 20:11:08,958] INFO [GroupCoordinator id=1] Finished unloading metadata for __consumer_offsets-48 with epoch OptionalInt[1]. (org.apache.kafka.coordinator.common.runtime.CoordinatorRuntime)
[2026-05-26 20:11:08,958] INFO [GroupCoordinator id=1] Started unloading metadata for __consumer_offsets-28 with epoch OptionalInt[1]. (org.apache.kafka.coordinator.common.runtime.CoordinatorRuntime)
[2026-05-26 20:11:08,958] INFO [GroupCoordinator id=1] Finished unloading metadata for __consumer_offsets-28 with epoch OptionalInt[1]. (org.apache.kafka.coordinator.common.runtime.CoordinatorRuntime)
[2026-05-26 20:11:08,958] INFO [GroupCoordinator id=1] Started unloading metadata for __consumer_offsets-7 with epoch OptionalInt[1]. (org.apache.kafka.coordinator.common.runtime.CoordinatorRuntime)
[2026-05-26 20:11:08,958] INFO [GroupCoordinator id=1] Started unloading metadata for __consumer_offsets-15 with epoch OptionalInt[1]. (org.apache.kafka.coordinator.common.runtime.CoordinatorRuntime)
[2026-05-26 20:11:08,958] INFO [GroupCoordinator id=1] Finished unloading metadata for __consumer_offsets-7 with epoch OptionalInt[1]. (org.apache.kafka.coordinator.common.runtime.CoordinatorRuntime)
[2026-05-26 20:11:08,958] INFO [GroupCoordinator id=1] Started unloading metadata for __consumer_offsets-41 with epoch OptionalInt[1]. (org.apache.kafka.coordinator.common.runtime.CoordinatorRuntime)
[2026-05-26 20:11:08,958] INFO [GroupCoordinator id=1] Scheduling unloading of metadata for __consumer_offsets-40 with epoch OptionalInt[1] (org.apache.kafka.coordinator.common.runtime.CoordinatorRuntime)
[2026-05-26 20:11:08,958] INFO [GroupCoordinator id=1] Scheduling unloading of metadata for __consumer_offsets-3 with epoch OptionalInt[1] (org.apache.kafka.coordinator.common.runtime.CoordinatorRuntime)
[2026-05-26 20:11:08,958] INFO [GroupCoordinator id=1] Finished unloading metadata for __consumer_offsets-15 with epoch OptionalInt[1]. (org.apache.kafka.coordinator.common.runtime.CoordinatorRuntime)
[2026-05-26 20:11:08,958] INFO [GroupCoordinator id=1] Started unloading metadata for __consumer_offsets-23 with epoch OptionalInt[1]. (org.apache.kafka.coordinator.common.runtime.CoordinatorRuntime)
[2026-05-26 20:11:08,958] INFO [GroupCoordinator id=1] Finished unloading metadata for __consumer_offsets-23 with epoch OptionalInt[1]. (org.apache.kafka.coordinator.common.runtime.CoordinatorRuntime)
[2026-05-26 20:11:08,958] INFO [GroupCoordinator id=1] Started unloading metadata for __consumer_offsets-24 with epoch OptionalInt[1]. (org.apache.kafka.coordinator.common.runtime.CoordinatorRuntime)
[2026-05-26 20:11:08,958] INFO [GroupCoordinator id=1] Started unloading metadata for __consumer_offsets-33 with epoch OptionalInt[1]. (org.apache.kafka.coordinator.common.runtime.CoordinatorRuntime)
[2026-05-26 20:11:08,958] INFO [GroupCoordinator id=1] Scheduling unloading of metadata for __consumer_offsets-36 with epoch OptionalInt[1] (org.apache.kafka.coordinator.common.runtime.CoordinatorRuntime)
[2026-05-26 20:11:08,958] INFO [GroupCoordinator id=1] Finished unloading metadata for __consumer_offsets-41 with epoch OptionalInt[1]. (org.apache.kafka.coordinator.common.runtime.CoordinatorRuntime)
[2026-05-26 20:11:08,958] INFO [GroupCoordinator id=1] Finished unloading metadata for __consumer_offsets-33 with epoch OptionalInt[1]. (org.apache.kafka.coordinator.common.runtime.CoordinatorRuntime)
[2026-05-26 20:11:08,958] INFO [GroupCoordinator id=1] Started unloading metadata for __consumer_offsets-20 with epoch OptionalInt[1]. (org.apache.kafka.coordinator.common.runtime.CoordinatorRuntime)
[2026-05-26 20:11:08,958] INFO [GroupCoordinator id=1] Finished unloading metadata for __consumer_offsets-24 with epoch OptionalInt[1]. (org.apache.kafka.coordinator.common.runtime.CoordinatorRuntime)
[2026-05-26 20:11:08,958] INFO [GroupCoordinator id=1] Started unloading metadata for __consumer_offsets-34 with epoch OptionalInt[1]. (org.apache.kafka.coordinator.common.runtime.CoordinatorRuntime)
[2026-05-26 20:11:08,958] INFO [GroupCoordinator id=1] Finished unloading metadata for __consumer_offsets-34 with epoch OptionalInt[1]. (org.apache.kafka.coordinator.common.runtime.CoordinatorRuntime)
[2026-05-26 20:11:08,958] INFO [GroupCoordinator id=1] Started unloading metadata for __consumer_offsets-19 with epoch OptionalInt[1]. (org.apache.kafka.coordinator.common.runtime.CoordinatorRuntime)
[2026-05-26 20:11:08,958] INFO [GroupCoordinator id=1] Finished unloading metadata for __consumer_offsets-19 with epoch OptionalInt[1]. (org.apache.kafka.coordinator.common.runtime.CoordinatorRuntime)
[2026-05-26 20:11:08,958] INFO [GroupCoordinator id=1] Started unloading metadata for __consumer_offsets-3 with epoch OptionalInt[1]. (org.apache.kafka.coordinator.common.runtime.CoordinatorRuntime)
[2026-05-26 20:11:08,958] INFO [GroupCoordinator id=1] Finished unloading metadata for __consumer_offsets-3 with epoch OptionalInt[1]. (org.apache.kafka.coordinator.common.runtime.CoordinatorRuntime)
[2026-05-26 20:11:08,958] INFO [GroupCoordinator id=1] Started unloading metadata for __consumer_offsets-37 with epoch OptionalInt[1]. (org.apache.kafka.coordinator.common.runtime.CoordinatorRuntime)
[2026-05-26 20:11:08,958] INFO [GroupCoordinator id=1] Finished unloading metadata for __consumer_offsets-20 with epoch OptionalInt[1]. (org.apache.kafka.coordinator.common.runtime.CoordinatorRuntime)
[2026-05-26 20:11:08,958] INFO [GroupCoordinator id=1] Started unloading metadata for __consumer_offsets-45 with epoch OptionalInt[1]. (org.apache.kafka.coordinator.common.runtime.CoordinatorRuntime)
[2026-05-26 20:11:08,958] INFO [GroupCoordinator id=1] Started unloading metadata for __consumer_offsets-49 with epoch OptionalInt[1]. (org.apache.kafka.coordinator.common.runtime.CoordinatorRuntime)
[2026-05-26 20:11:08,958] INFO [GroupCoordinator id=1] Finished unloading metadata for __consumer_offsets-49 with epoch OptionalInt[1]. (org.apache.kafka.coordinator.common.runtime.CoordinatorRuntime)
[2026-05-26 20:11:08,958] INFO [GroupCoordinator id=1] Scheduling unloading of metadata for __consumer_offsets-47 with epoch OptionalInt[1] (org.apache.kafka.coordinator.common.runtime.CoordinatorRuntime)
[2026-05-26 20:11:08,958] INFO [GroupCoordinator id=1] Scheduling unloading of metadata for __consumer_offsets-14 with epoch OptionalInt[1] (org.apache.kafka.coordinator.common.runtime.CoordinatorRuntime)
[2026-05-26 20:11:08,958] INFO [GroupCoordinator id=1] Scheduling unloading of metadata for __consumer_offsets-43 with epoch OptionalInt[1] (org.apache.kafka.coordinator.common.runtime.CoordinatorRuntime)
[2026-05-26 20:11:08,958] INFO [GroupCoordinator id=1] Finished unloading metadata for __consumer_offsets-45 with epoch OptionalInt[1]. (org.apache.kafka.coordinator.common.runtime.CoordinatorRuntime)
[2026-05-26 20:11:08,958] INFO [GroupCoordinator id=1] Finished unloading metadata for __consumer_offsets-37 with epoch OptionalInt[1]. (org.apache.kafka.coordinator.common.runtime.CoordinatorRuntime)
[2026-05-26 20:11:08,958] INFO [GroupCoordinator id=1] Started unloading metadata for __consumer_offsets-47 with epoch OptionalInt[1]. (org.apache.kafka.coordinator.common.runtime.CoordinatorRuntime)
[2026-05-26 20:11:08,958] INFO [GroupCoordinator id=1] Started unloading metadata for __consumer_offsets-36 with epoch OptionalInt[1]. (org.apache.kafka.coordinator.common.runtime.CoordinatorRuntime)
[2026-05-26 20:11:08,972] INFO [GroupCoordinator id=1] Started unloading metadata for __consumer_offsets-43 with epoch OptionalInt[1]. (org.apache.kafka.coordinator.common.runtime.CoordinatorRuntime)
[2026-05-26 20:11:08,958] INFO [GroupCoordinator id=1] Scheduling unloading of metadata for __consumer_offsets-10 with epoch OptionalInt[1] (org.apache.kafka.coordinator.common.runtime.CoordinatorRuntime)
[2026-05-26 20:11:08,972] INFO [GroupCoordinator id=1] Scheduling unloading of metadata for __consumer_offsets-22 with epoch OptionalInt[1] (org.apache.kafka.coordinator.common.runtime.CoordinatorRuntime)
[2026-05-26 20:11:08,972] INFO [GroupCoordinator id=1] Scheduling unloading of metadata for __consumer_offsets-18 with epoch OptionalInt[1] (org.apache.kafka.coordinator.common.runtime.CoordinatorRuntime)
[2026-05-26 20:11:08,958] INFO [GroupCoordinator id=1] Started unloading metadata for __consumer_offsets-16 with epoch OptionalInt[1]. (org.apache.kafka.coordinator.common.runtime.CoordinatorRuntime)
[2026-05-26 20:11:08,972] INFO [GroupCoordinator id=1] Scheduling unloading of metadata for __consumer_offsets-31 with epoch OptionalInt[1] (org.apache.kafka.coordinator.common.runtime.CoordinatorRuntime)
[2026-05-26 20:11:08,972] INFO [GroupCoordinator id=1] Finished unloading metadata for __consumer_offsets-43 with epoch OptionalInt[1]. (org.apache.kafka.coordinator.common.runtime.CoordinatorRuntime)
[2026-05-26 20:11:08,972] INFO [GroupCoordinator id=1] Scheduling unloading of metadata for __consumer_offsets-27 with epoch OptionalInt[1] (org.apache.kafka.coordinator.common.runtime.CoordinatorRuntime)
[2026-05-26 20:11:08,972] INFO [GroupCoordinator id=1] Started unloading metadata for __consumer_offsets-31 with epoch OptionalInt[1]. (org.apache.kafka.coordinator.common.runtime.CoordinatorRuntime)
[2026-05-26 20:11:08,972] INFO [GroupCoordinator id=1] Finished unloading metadata for __consumer_offsets-36 with epoch OptionalInt[1]. (org.apache.kafka.coordinator.common.runtime.CoordinatorRuntime)
[2026-05-26 20:11:08,972] INFO [GroupCoordinator id=1] Finished unloading metadata for __consumer_offsets-47 with epoch OptionalInt[1]. (org.apache.kafka.coordinator.common.runtime.CoordinatorRuntime)
[2026-05-26 20:11:08,972] INFO [GroupCoordinator id=1] Finished unloading metadata for __consumer_offsets-31 with epoch OptionalInt[1]. (org.apache.kafka.coordinator.common.runtime.CoordinatorRuntime)
[2026-05-26 20:11:08,972] INFO [GroupCoordinator id=1] Finished unloading metadata for __consumer_offsets-16 with epoch OptionalInt[1]. (org.apache.kafka.coordinator.common.runtime.CoordinatorRuntime)
[2026-05-26 20:11:08,972] INFO [GroupCoordinator id=1] Started unloading metadata for __consumer_offsets-18 with epoch OptionalInt[1]. (org.apache.kafka.coordinator.common.runtime.CoordinatorRuntime)
[2026-05-26 20:11:08,972] INFO [GroupCoordinator id=1] Started unloading metadata for __consumer_offsets-40 with epoch OptionalInt[1]. (org.apache.kafka.coordinator.common.runtime.CoordinatorRuntime)
[2026-05-26 20:11:08,972] INFO [GroupCoordinator id=1] Scheduling unloading of metadata for __consumer_offsets-39 with epoch OptionalInt[1] (org.apache.kafka.coordinator.common.runtime.CoordinatorRuntime)
[2026-05-26 20:11:08,972] INFO [GroupCoordinator id=1] Scheduling unloading of metadata for __consumer_offsets-6 with epoch OptionalInt[1] (org.apache.kafka.coordinator.common.runtime.CoordinatorRuntime)
[2026-05-26 20:11:08,972] INFO [GroupCoordinator id=1] Scheduling unloading of metadata for __consumer_offsets-35 with epoch OptionalInt[1] (org.apache.kafka.coordinator.common.runtime.CoordinatorRuntime)
[2026-05-26 20:11:08,972] INFO [GroupCoordinator id=1] Scheduling unloading of metadata for __consumer_offsets-2 with epoch OptionalInt[1] (org.apache.kafka.coordinator.common.runtime.CoordinatorRuntime)
[2026-05-26 20:11:08,972] INFO [GroupCoordinator id=1] Started unloading metadata for __consumer_offsets-27 with epoch OptionalInt[1]. (org.apache.kafka.coordinator.common.runtime.CoordinatorRuntime)
[2026-05-26 20:11:08,972] INFO [GroupCoordinator id=1] Finished unloading metadata for __consumer_offsets-27 with epoch OptionalInt[1]. (org.apache.kafka.coordinator.common.runtime.CoordinatorRuntime)
[2026-05-26 20:11:08,972] INFO [GroupCoordinator id=1] Started unloading metadata for __consumer_offsets-14 with epoch OptionalInt[1]. (org.apache.kafka.coordinator.common.runtime.CoordinatorRuntime)
[2026-05-26 20:11:08,972] INFO [GroupCoordinator id=1] Finished unloading metadata for __consumer_offsets-40 with epoch OptionalInt[1]. (org.apache.kafka.coordinator.common.runtime.CoordinatorRuntime)
[2026-05-26 20:11:08,972] INFO [GroupCoordinator id=1] Finished unloading metadata for __consumer_offsets-14 with epoch OptionalInt[1]. (org.apache.kafka.coordinator.common.runtime.CoordinatorRuntime)
[2026-05-26 20:11:08,972] INFO [GroupCoordinator id=1] Started unloading metadata for __consumer_offsets-35 with epoch OptionalInt[1]. (org.apache.kafka.coordinator.common.runtime.CoordinatorRuntime)
[2026-05-26 20:11:08,972] INFO [GroupCoordinator id=1] Finished unloading metadata for __consumer_offsets-35 with epoch OptionalInt[1]. (org.apache.kafka.coordinator.common.runtime.CoordinatorRuntime)
[2026-05-26 20:11:08,972] INFO [GroupCoordinator id=1] Started unloading metadata for __consumer_offsets-2 with epoch OptionalInt[1]. (org.apache.kafka.coordinator.common.runtime.CoordinatorRuntime)
[2026-05-26 20:11:08,972] INFO [GroupCoordinator id=1] Started unloading metadata for __consumer_offsets-22 with epoch OptionalInt[1]. (org.apache.kafka.coordinator.common.runtime.CoordinatorRuntime)
[2026-05-26 20:11:08,972] INFO [GroupCoordinator id=1] Finished unloading metadata for __consumer_offsets-2 with epoch OptionalInt[1]. (org.apache.kafka.coordinator.common.runtime.CoordinatorRuntime)
[2026-05-26 20:11:08,972] INFO [GroupCoordinator id=1] Finished unloading metadata for __consumer_offsets-22 with epoch OptionalInt[1]. (org.apache.kafka.coordinator.common.runtime.CoordinatorRuntime)
[2026-05-26 20:11:08,972] INFO [GroupCoordinator id=1] Started unloading metadata for __consumer_offsets-10 with epoch OptionalInt[1]. (org.apache.kafka.coordinator.common.runtime.CoordinatorRuntime)
[2026-05-26 20:11:08,972] INFO [GroupCoordinator id=1] Started unloading metadata for __consumer_offsets-6 with epoch OptionalInt[1]. (org.apache.kafka.coordinator.common.runtime.CoordinatorRuntime)
[2026-05-26 20:11:08,972] INFO [GroupCoordinator id=1] Finished unloading metadata for __consumer_offsets-10 with epoch OptionalInt[1]. (org.apache.kafka.coordinator.common.runtime.CoordinatorRuntime)
[2026-05-26 20:11:08,972] INFO [GroupCoordinator id=1] Finished unloading metadata for __consumer_offsets-18 with epoch OptionalInt[1]. (org.apache.kafka.coordinator.common.runtime.CoordinatorRuntime)
[2026-05-26 20:11:08,975] INFO [GroupCoordinator id=1] Finished unloading metadata for __consumer_offsets-6 with epoch OptionalInt[1]. (org.apache.kafka.coordinator.common.runtime.CoordinatorRuntime)
[2026-05-26 20:11:08,972] INFO [GroupCoordinator id=1] Started unloading metadata for __consumer_offsets-39 with epoch OptionalInt[1]. (org.apache.kafka.coordinator.common.runtime.CoordinatorRuntime)
[2026-05-26 20:11:08,975] INFO [GroupCoordinator id=1] Finished unloading metadata for __consumer_offsets-39 with epoch OptionalInt[1]. (org.apache.kafka.coordinator.common.runtime.CoordinatorRuntime)
[2026-05-26 20:11:09,006] INFO [BrokerLifecycleManager id=1] The controller has asked us to exit controlled shutdown. (kafka.server.BrokerLifecycleManager)
[2026-05-26 20:11:09,006] INFO [BrokerLifecycleManager id=1] beginShutdown: shutting down event queue. (org.apache.kafka.queue.KafkaEventQueue)
[2026-05-26 20:11:09,006] INFO [BrokerLifecycleManager id=1] Transitioning from PENDING_CONTROLLED_SHUTDOWN to SHUTTING_DOWN. (kafka.server.BrokerLifecycleManager)
[2026-05-26 20:11:09,010] INFO [broker-1-to-controller-heartbeat-channel-manager]: Shutting down (kafka.server.NodeToControllerRequestThread)
[2026-05-26 20:11:09,010] INFO [broker-1-to-controller-heartbeat-channel-manager]: Shutdown completed (kafka.server.NodeToControllerRequestThread)
[2026-05-26 20:11:09,010] INFO [broker-1-to-controller-heartbeat-channel-manager]: Stopped (kafka.server.NodeToControllerRequestThread)
[2026-05-26 20:11:09,011] INFO [SocketServer listenerType=BROKER, nodeId=1] Stopping socket server request processors (kafka.network.SocketServer)
[2026-05-26 20:11:09,021] INFO Node to controller channel manager for heartbeat shutdown (kafka.server.NodeToControllerChannelManagerImpl)
[2026-05-26 20:11:09,023] INFO [SocketServer listenerType=BROKER, nodeId=1] Stopped socket server request processors (kafka.network.SocketServer)
[2026-05-26 20:11:09,032] INFO [data-plane Kafka Request Handler on Broker 1] shutting down (kafka.server.KafkaRequestHandlerPool)
[2026-05-26 20:11:09,040] INFO [data-plane Kafka Request Handler on Broker 1] shut down completely (kafka.server.KafkaRequestHandlerPool)
[2026-05-26 20:11:09,040] INFO [ExpirationReaper-1-AlterAcls]: Shutting down (org.apache.kafka.server.purgatory.DelayedOperationPurgatory$ExpiredOperationReaper)
[2026-05-26 20:11:09,040] INFO [ExpirationReaper-1-AlterAcls]: Stopped (org.apache.kafka.server.purgatory.DelayedOperationPurgatory$ExpiredOperationReaper)
[2026-05-26 20:11:09,040] INFO [ExpirationReaper-1-AlterAcls]: Shutdown completed (org.apache.kafka.server.purgatory.DelayedOperationPurgatory$ExpiredOperationReaper)
[2026-05-26 20:11:09,044] INFO [KafkaApi-1] Shutdown complete. (kafka.server.KafkaApis)
[2026-05-26 20:11:09,044] INFO [TransactionCoordinator id=1] Shutting down. (kafka.coordinator.transaction.TransactionCoordinator)
[2026-05-26 20:11:09,044] INFO [Transaction State Manager 1]: Shutdown complete (kafka.coordinator.transaction.TransactionStateManager)
[2026-05-26 20:11:09,044] INFO [TxnMarkerSenderThread-1]: Shutting down (kafka.coordinator.transaction.TransactionMarkerChannelManager)
[2026-05-26 20:11:09,044] INFO [TxnMarkerSenderThread-1]: Stopped (kafka.coordinator.transaction.TransactionMarkerChannelManager)
[2026-05-26 20:11:09,044] INFO [TxnMarkerSenderThread-1]: Shutdown completed (kafka.coordinator.transaction.TransactionMarkerChannelManager)
[2026-05-26 20:11:09,054] INFO [TransactionCoordinator id=1] Shutdown complete. (kafka.coordinator.transaction.TransactionCoordinator)
[2026-05-26 20:11:09,058] INFO [GroupCoordinator id=1] Shutting down. (org.apache.kafka.coordinator.group.GroupCoordinatorService)
[2026-05-26 20:11:09,061] INFO [GroupCoordinator id=1] Closing coordinator runtime. (org.apache.kafka.coordinator.common.runtime.CoordinatorRuntime)
[2026-05-26 20:11:09,061] INFO [group-coordinator-reaper]: Shutting down (org.apache.kafka.server.util.timer.SystemTimerReaper$Reaper)
[2026-05-26 20:11:09,061] INFO [group-coordinator-reaper]: Shutdown completed (org.apache.kafka.server.util.timer.SystemTimerReaper$Reaper)
[2026-05-26 20:11:09,061] INFO [group-coordinator-reaper]: Stopped (org.apache.kafka.server.util.timer.SystemTimerReaper$Reaper)
[2026-05-26 20:11:09,066] INFO [GroupCoordinator id=1] Shutting down event processor. (org.apache.kafka.coordinator.common.runtime.MultiThreadedEventProcessor)
[2026-05-26 20:11:09,066] INFO [group-coordinator-event-processor-3]: Shutting down. Draining the remaining events. (org.apache.kafka.coordinator.common.runtime.MultiThreadedEventProcessor$EventProcessorThread)
[2026-05-26 20:11:09,066] INFO [group-coordinator-event-processor-2]: Shutting down. Draining the remaining events. (org.apache.kafka.coordinator.common.runtime.MultiThreadedEventProcessor$EventProcessorThread)
[2026-05-26 20:11:09,067] INFO [group-coordinator-event-processor-1]: Shutting down. Draining the remaining events. (org.apache.kafka.coordinator.common.runtime.MultiThreadedEventProcessor$EventProcessorThread)
[2026-05-26 20:11:09,067] INFO [group-coordinator-event-processor-1]: Shutdown completed (org.apache.kafka.coordinator.common.runtime.MultiThreadedEventProcessor$EventProcessorThread)
[2026-05-26 20:11:09,066] INFO [group-coordinator-event-processor-3]: Shutdown completed (org.apache.kafka.coordinator.common.runtime.MultiThreadedEventProcessor$EventProcessorThread)
[2026-05-26 20:11:09,066] INFO [group-coordinator-event-processor-0]: Shutting down. Draining the remaining events. (org.apache.kafka.coordinator.common.runtime.MultiThreadedEventProcessor$EventProcessorThread)
[2026-05-26 20:11:09,067] INFO [group-coordinator-event-processor-0]: Shutdown completed (org.apache.kafka.coordinator.common.runtime.MultiThreadedEventProcessor$EventProcessorThread)
[2026-05-26 20:11:09,067] INFO [group-coordinator-event-processor-2]: Shutdown completed (org.apache.kafka.coordinator.common.runtime.MultiThreadedEventProcessor$EventProcessorThread)
[2026-05-26 20:11:09,067] INFO [GroupCoordinator id=1] Event processor closed. (org.apache.kafka.coordinator.common.runtime.MultiThreadedEventProcessor)
[2026-05-26 20:11:09,068] INFO [GroupCoordinator id=1] Coordinator runtime closed. (org.apache.kafka.coordinator.common.runtime.CoordinatorRuntime)
[2026-05-26 20:11:09,068] INFO [GroupCoordinator id=1] Shutdown complete. (org.apache.kafka.coordinator.group.GroupCoordinatorService)
[2026-05-26 20:11:09,068] INFO [ShareCoordinator id=1] Shutting down. (org.apache.kafka.coordinator.share.ShareCoordinatorService)
[2026-05-26 20:11:09,068] INFO [ShareCoordinator id=1] Closing coordinator runtime. (org.apache.kafka.coordinator.common.runtime.CoordinatorRuntime)
[2026-05-26 20:11:09,068] INFO [share-coordinator-reaper]: Shutting down (org.apache.kafka.server.util.timer.SystemTimerReaper$Reaper)
[2026-05-26 20:11:09,072] INFO [share-coordinator-reaper]: Shutdown completed (org.apache.kafka.server.util.timer.SystemTimerReaper$Reaper)
[2026-05-26 20:11:09,072] INFO [share-coordinator-reaper]: Stopped (org.apache.kafka.server.util.timer.SystemTimerReaper$Reaper)
[2026-05-26 20:11:09,072] INFO [ShareCoordinator id=1] Shutting down event processor. (org.apache.kafka.coordinator.common.runtime.MultiThreadedEventProcessor)
[2026-05-26 20:11:09,072] INFO [share-coordinator-event-processor-0]: Shutting down. Draining the remaining events. (org.apache.kafka.coordinator.common.runtime.MultiThreadedEventProcessor$EventProcessorThread)
[2026-05-26 20:11:09,072] INFO [share-coordinator-event-processor-0]: Shutdown completed (org.apache.kafka.coordinator.common.runtime.MultiThreadedEventProcessor$EventProcessorThread)
[2026-05-26 20:11:09,073] INFO [ShareCoordinator id=1] Event processor closed. (org.apache.kafka.coordinator.common.runtime.MultiThreadedEventProcessor)
[2026-05-26 20:11:09,073] INFO [ShareCoordinator id=1] Coordinator runtime closed. (org.apache.kafka.coordinator.common.runtime.CoordinatorRuntime)
[2026-05-26 20:11:09,073] INFO [ShareCoordinator id=1] Shutdown complete. (org.apache.kafka.coordinator.share.ShareCoordinatorService)
[2026-05-26 20:11:09,073] INFO [AssignmentsManager id=1]KafkaEventQueue#close: shutting down event queue. (org.apache.kafka.queue.KafkaEventQueue)
[2026-05-26 20:11:09,073] INFO [AssignmentsManager id=1] shutting down. (org.apache.kafka.server.AssignmentsManager)
[2026-05-26 20:11:09,073] INFO [broker-1-to-controller-directory-assignments-channel-manager]: Shutting down (kafka.server.NodeToControllerRequestThread)
[2026-05-26 20:11:09,073] INFO [broker-1-to-controller-directory-assignments-channel-manager]: Shutdown completed (kafka.server.NodeToControllerRequestThread)
[2026-05-26 20:11:09,073] INFO [broker-1-to-controller-directory-assignments-channel-manager]: Stopped (kafka.server.NodeToControllerRequestThread)
[2026-05-26 20:11:09,079] INFO Node to controller channel manager for directory-assignments shutdown (kafka.server.NodeToControllerChannelManagerImpl)
[2026-05-26 20:11:09,080] INFO [AssignmentsManager id=1]closed event queue. (org.apache.kafka.queue.KafkaEventQueue)
[2026-05-26 20:11:09,081] INFO [ReplicaManager broker=1] Shutting down (kafka.server.ReplicaManager)
[2026-05-26 20:11:09,081] INFO [LogDirFailureHandler]: Shutting down (kafka.server.ReplicaManager$LogDirFailureHandler)
[2026-05-26 20:11:09,081] INFO [LogDirFailureHandler]: Stopped (kafka.server.ReplicaManager$LogDirFailureHandler)
[2026-05-26 20:11:09,081] INFO [LogDirFailureHandler]: Shutdown completed (kafka.server.ReplicaManager$LogDirFailureHandler)
[2026-05-26 20:11:09,084] INFO [ReplicaFetcherManager on broker 1] shutting down (kafka.server.ReplicaFetcherManager)
[2026-05-26 20:11:09,084] INFO [ReplicaFetcherManager on broker 1] shutdown completed (kafka.server.ReplicaFetcherManager)
[2026-05-26 20:11:09,084] INFO [ReplicaAlterLogDirsManager on broker 1] shutting down (kafka.server.ReplicaAlterLogDirsManager)
[2026-05-26 20:11:09,084] INFO [ReplicaAlterLogDirsManager on broker 1] shutdown completed (kafka.server.ReplicaAlterLogDirsManager)
[2026-05-26 20:11:09,084] INFO [ExpirationReaper-1-Fetch]: Shutting down (org.apache.kafka.server.purgatory.DelayedOperationPurgatory$ExpiredOperationReaper)
[2026-05-26 20:11:09,084] INFO [ExpirationReaper-1-Fetch]: Shutdown completed (org.apache.kafka.server.purgatory.DelayedOperationPurgatory$ExpiredOperationReaper)
[2026-05-26 20:11:09,084] INFO [ExpirationReaper-1-Fetch]: Stopped (org.apache.kafka.server.purgatory.DelayedOperationPurgatory$ExpiredOperationReaper)
[2026-05-26 20:11:09,087] INFO [ExpirationReaper-1-RemoteFetch]: Shutting down (org.apache.kafka.server.purgatory.DelayedOperationPurgatory$ExpiredOperationReaper)
[2026-05-26 20:11:09,089] INFO [ExpirationReaper-1-RemoteFetch]: Shutdown completed (org.apache.kafka.server.purgatory.DelayedOperationPurgatory$ExpiredOperationReaper)
[2026-05-26 20:11:09,089] INFO [ExpirationReaper-1-RemoteFetch]: Stopped (org.apache.kafka.server.purgatory.DelayedOperationPurgatory$ExpiredOperationReaper)
[2026-05-26 20:11:09,089] INFO [ExpirationReaper-1-RemoteListOffsets]: Shutting down (org.apache.kafka.server.purgatory.DelayedOperationPurgatory$ExpiredOperationReaper)
[2026-05-26 20:11:09,090] INFO [ExpirationReaper-1-RemoteListOffsets]: Stopped (org.apache.kafka.server.purgatory.DelayedOperationPurgatory$ExpiredOperationReaper)
[2026-05-26 20:11:09,090] INFO [ExpirationReaper-1-RemoteListOffsets]: Shutdown completed (org.apache.kafka.server.purgatory.DelayedOperationPurgatory$ExpiredOperationReaper)
[2026-05-26 20:11:09,092] INFO [ExpirationReaper-1-Produce]: Shutting down (org.apache.kafka.server.purgatory.DelayedOperationPurgatory$ExpiredOperationReaper)
[2026-05-26 20:11:09,094] INFO [ExpirationReaper-1-Produce]: Stopped (org.apache.kafka.server.purgatory.DelayedOperationPurgatory$ExpiredOperationReaper)
[2026-05-26 20:11:09,094] INFO [ExpirationReaper-1-Produce]: Shutdown completed (org.apache.kafka.server.purgatory.DelayedOperationPurgatory$ExpiredOperationReaper)
[2026-05-26 20:11:09,096] INFO [ExpirationReaper-1-DeleteRecords]: Shutting down (org.apache.kafka.server.purgatory.DelayedOperationPurgatory$ExpiredOperationReaper)
[2026-05-26 20:11:09,096] INFO [ExpirationReaper-1-DeleteRecords]: Shutdown completed (org.apache.kafka.server.purgatory.DelayedOperationPurgatory$ExpiredOperationReaper)
[2026-05-26 20:11:09,096] INFO [ExpirationReaper-1-DeleteRecords]: Stopped (org.apache.kafka.server.purgatory.DelayedOperationPurgatory$ExpiredOperationReaper)
[2026-05-26 20:11:09,097] INFO [ExpirationReaper-1-ShareFetch]: Shutting down (org.apache.kafka.server.purgatory.DelayedOperationPurgatory$ExpiredOperationReaper)
[2026-05-26 20:11:09,098] INFO [ExpirationReaper-1-ShareFetch]: Shutdown completed (org.apache.kafka.server.purgatory.DelayedOperationPurgatory$ExpiredOperationReaper)
[2026-05-26 20:11:09,098] INFO [ExpirationReaper-1-ShareFetch]: Stopped (org.apache.kafka.server.purgatory.DelayedOperationPurgatory$ExpiredOperationReaper)
[2026-05-26 20:11:09,100] INFO [AddPartitionsToTxnSenderThread-1]: Shutting down (org.apache.kafka.server.transaction.AddPartitionsToTxnManager)
[2026-05-26 20:11:09,100] INFO [AddPartitionsToTxnSenderThread-1]: Shutdown completed (org.apache.kafka.server.transaction.AddPartitionsToTxnManager)
[2026-05-26 20:11:09,100] INFO [AddPartitionsToTxnSenderThread-1]: Stopped (org.apache.kafka.server.transaction.AddPartitionsToTxnManager)
[2026-05-26 20:11:09,105] INFO [ReplicaManager broker=1] Shut down completely (kafka.server.ReplicaManager)
[2026-05-26 20:11:09,106] INFO [broker-1-to-controller-alter-partition-channel-manager]: Shutting down (kafka.server.NodeToControllerRequestThread)
[2026-05-26 20:11:09,106] INFO [broker-1-to-controller-alter-partition-channel-manager]: Shutdown completed (kafka.server.NodeToControllerRequestThread)
[2026-05-26 20:11:09,106] INFO [broker-1-to-controller-alter-partition-channel-manager]: Stopped (kafka.server.NodeToControllerRequestThread)
[2026-05-26 20:11:09,107] INFO Node to controller channel manager for alter-partition shutdown (kafka.server.NodeToControllerChannelManagerImpl)
[2026-05-26 20:11:09,108] INFO [broker-1-to-controller-forwarding-channel-manager]: Shutting down (kafka.server.NodeToControllerRequestThread)
[2026-05-26 20:11:09,110] INFO [broker-1-to-controller-forwarding-channel-manager]: Shutdown completed (kafka.server.NodeToControllerRequestThread)
[2026-05-26 20:11:09,110] INFO [broker-1-to-controller-forwarding-channel-manager]: Stopped (kafka.server.NodeToControllerRequestThread)
[2026-05-26 20:11:09,110] INFO Node to controller channel manager for forwarding shutdown (kafka.server.NodeToControllerChannelManagerImpl)
[2026-05-26 20:11:09,112] INFO Shutting down. (kafka.log.LogManager)
[2026-05-26 20:11:09,143] INFO [ProducerStateManager partition=Course-0] Wrote producer snapshot at offset 11 with 10 producer ids in 2 ms. (org.apache.kafka.storage.internals.log.ProducerStateManager)
[2026-05-26 20:11:09,177] INFO [ProducerStateManager partition=__consumer_offsets-8] Wrote producer snapshot at offset 46 with 0 producer ids in 2 ms. (org.apache.kafka.storage.internals.log.ProducerStateManager)
[2026-05-26 20:11:09,310] INFO Shutdown complete. (kafka.log.LogManager)
[2026-05-26 20:11:09,311] INFO [broker-1-ThrottledChannelReaper-Fetch]: Shutting down (kafka.server.ClientQuotaManager$ThrottledChannelReaper)
[2026-05-26 20:11:09,313] INFO [broker-1-ThrottledChannelReaper-Fetch]: Shutdown completed (kafka.server.ClientQuotaManager$ThrottledChannelReaper)
[2026-05-26 20:11:09,314] INFO [broker-1-ThrottledChannelReaper-Produce]: Shutting down (kafka.server.ClientQuotaManager$ThrottledChannelReaper)
[2026-05-26 20:11:09,313] INFO [broker-1-ThrottledChannelReaper-Fetch]: Stopped (kafka.server.ClientQuotaManager$ThrottledChannelReaper)
[2026-05-26 20:11:09,315] INFO [broker-1-ThrottledChannelReaper-Produce]: Shutdown completed (kafka.server.ClientQuotaManager$ThrottledChannelReaper)
[2026-05-26 20:11:09,315] INFO [broker-1-ThrottledChannelReaper-Produce]: Stopped (kafka.server.ClientQuotaManager$ThrottledChannelReaper)
[2026-05-26 20:11:09,315] INFO [broker-1-ThrottledChannelReaper-Request]: Shutting down (kafka.server.ClientQuotaManager$ThrottledChannelReaper)
[2026-05-26 20:11:09,315] INFO [broker-1-ThrottledChannelReaper-Request]: Shutdown completed (kafka.server.ClientQuotaManager$ThrottledChannelReaper)
[2026-05-26 20:11:09,316] INFO [broker-1-ThrottledChannelReaper-ControllerMutation]: Shutting down (kafka.server.ClientQuotaManager$ThrottledChannelReaper)
[2026-05-26 20:11:09,315] INFO [broker-1-ThrottledChannelReaper-Request]: Stopped (kafka.server.ClientQuotaManager$ThrottledChannelReaper)
[2026-05-26 20:11:09,316] INFO [broker-1-ThrottledChannelReaper-ControllerMutation]: Shutdown completed (kafka.server.ClientQuotaManager$ThrottledChannelReaper)
[2026-05-26 20:11:09,316] INFO [broker-1-ThrottledChannelReaper-ControllerMutation]: Stopped (kafka.server.ClientQuotaManager$ThrottledChannelReaper)
[2026-05-26 20:11:09,317] INFO [SocketServer listenerType=BROKER, nodeId=1] Shutting down socket server (kafka.network.SocketServer)
[2026-05-26 20:11:09,337] INFO [SocketServer listenerType=BROKER, nodeId=1] Shutdown completed (kafka.network.SocketServer)
[2026-05-26 20:11:09,337] INFO Broker and topic stats closed (org.apache.kafka.storage.log.metrics.BrokerTopicStats)
[2026-05-26 20:11:09,337] INFO [share-group-lock-timeout-reaper]: Shutting down (org.apache.kafka.server.util.timer.SystemTimerReaper$Reaper)
[2026-05-26 20:11:09,337] INFO [share-group-lock-timeout-reaper]: Shutdown completed (org.apache.kafka.server.util.timer.SystemTimerReaper$Reaper)
[2026-05-26 20:11:09,337] INFO [share-group-lock-timeout-reaper]: Stopped (org.apache.kafka.server.util.timer.SystemTimerReaper$Reaper)
[2026-05-26 20:11:09,343] INFO [PersisterStateManager]: Shutting down (org.apache.kafka.server.share.persister.PersisterStateManager$SendThread)
[2026-05-26 20:11:09,343] INFO [PersisterStateManager]: Stopped (org.apache.kafka.server.share.persister.PersisterStateManager$SendThread)
[2026-05-26 20:11:09,343] INFO [PersisterStateManager]: Shutdown completed (org.apache.kafka.server.share.persister.PersisterStateManager$SendThread)
[2026-05-26 20:11:09,345] INFO [persister-state-manager-reaper]: Shutting down (org.apache.kafka.server.util.timer.SystemTimerReaper$Reaper)
[2026-05-26 20:11:09,347] INFO [persister-state-manager-reaper]: Shutdown completed (org.apache.kafka.server.util.timer.SystemTimerReaper$Reaper)
[2026-05-26 20:11:09,347] INFO [persister-state-manager-reaper]: Stopped (org.apache.kafka.server.util.timer.SystemTimerReaper$Reaper)
[2026-05-26 20:11:09,348] INFO [BrokerLifecycleManager id=1] closed event queue. (org.apache.kafka.queue.KafkaEventQueue)
[2026-05-26 20:11:09,348] INFO [client-metrics-reaper]: Shutting down (org.apache.kafka.server.util.timer.SystemTimerReaper$Reaper)
[2026-05-26 20:11:09,348] INFO [client-metrics-reaper]: Shutdown completed (org.apache.kafka.server.util.timer.SystemTimerReaper$Reaper)
[2026-05-26 20:11:09,348] INFO [client-metrics-reaper]: Stopped (org.apache.kafka.server.util.timer.SystemTimerReaper$Reaper)
[2026-05-26 20:11:09,350] INFO [BrokerServer id=1] shut down completed (kafka.server.BrokerServer)
[2026-05-26 20:11:09,350] INFO [BrokerServer id=1] Transition from SHUTTING_DOWN to SHUTDOWN (kafka.server.BrokerServer)
[2026-05-26 20:11:09,350] INFO [ControllerServer id=1] shutting down (kafka.server.ControllerServer)
[2026-05-26 20:11:09,350] INFO [raft-expiration-reaper]: Shutting down (org.apache.kafka.raft.TimingWheelExpirationService$ExpiredOperationReaper)
[2026-05-26 20:11:09,476] INFO [raft-expiration-reaper]: Shutdown completed (org.apache.kafka.raft.TimingWheelExpirationService$ExpiredOperationReaper)
[2026-05-26 20:11:09,476] INFO [raft-expiration-reaper]: Stopped (org.apache.kafka.raft.TimingWheelExpirationService$ExpiredOperationReaper)
[2026-05-26 20:11:09,478] INFO [kafka-1-raft-io-thread]: Shutting down (org.apache.kafka.raft.KafkaRaftClientDriver)
[2026-05-26 20:11:09,478] INFO [RaftManager id=1] Beginning graceful shutdown (org.apache.kafka.raft.KafkaRaftClient)
[2026-05-26 20:11:09,478] INFO [RaftManager id=1] Graceful shutdown completed (org.apache.kafka.raft.KafkaRaftClient)
[2026-05-26 20:11:09,478] INFO [RaftManager id=1] Completed graceful shutdown of RaftClient (org.apache.kafka.raft.KafkaRaftClientDriver)
[2026-05-26 20:11:09,478] INFO [kafka-1-raft-io-thread]: Stopped (org.apache.kafka.raft.KafkaRaftClientDriver)
[2026-05-26 20:11:09,478] INFO [kafka-1-raft-io-thread]: Shutdown completed (org.apache.kafka.raft.KafkaRaftClientDriver)
[2026-05-26 20:11:09,481] INFO [kafka-1-raft-outbound-request-thread]: Shutting down (org.apache.kafka.raft.KafkaNetworkChannel$SendThread)
[2026-05-26 20:11:09,481] INFO [kafka-1-raft-outbound-request-thread]: Shutdown completed (org.apache.kafka.raft.KafkaNetworkChannel$SendThread)
[2026-05-26 20:11:09,481] INFO [kafka-1-raft-outbound-request-thread]: Stopped (org.apache.kafka.raft.KafkaNetworkChannel$SendThread)
[2026-05-26 20:11:09,485] INFO [ProducerStateManager partition=__cluster_metadata-0] Wrote producer snapshot at offset 14753 with 0 producer ids in 2 ms. (org.apache.kafka.storage.internals.log.ProducerStateManager)
[2026-05-26 20:11:09,491] INFO [ControllerRegistrationManager id=1 incarnation=ApNtkt96QluqPj7kDFNFpA] beginShutdown: shutting down event queue. (org.apache.kafka.queue.KafkaEventQueue)
[2026-05-26 20:11:09,495] INFO [ControllerRegistrationManager id=1 incarnation=ApNtkt96QluqPj7kDFNFpA] shutting down. (kafka.server.ControllerRegistrationManager)
[2026-05-26 20:11:09,496] INFO [controller-1-to-controller-registration-channel-manager]: Shutting down (kafka.server.NodeToControllerRequestThread)
[2026-05-26 20:11:09,496] INFO [controller-1-to-controller-registration-channel-manager]: Shutdown completed (kafka.server.NodeToControllerRequestThread)
[2026-05-26 20:11:09,496] INFO [controller-1-to-controller-registration-channel-manager]: Stopped (kafka.server.NodeToControllerRequestThread)
[2026-05-26 20:11:09,497] INFO Node to controller channel manager for registration shutdown (kafka.server.NodeToControllerChannelManagerImpl)
[2026-05-26 20:11:09,498] INFO [ControllerRegistrationManager id=1 incarnation=ApNtkt96QluqPj7kDFNFpA] closed event queue. (org.apache.kafka.queue.KafkaEventQueue)
[2026-05-26 20:11:09,499] INFO [controller-1-to-controller-registration-channel-manager]: Shutdown completed (kafka.server.NodeToControllerRequestThread)
[2026-05-26 20:11:09,501] WARN [NodeToControllerChannelManager id=1 name=registration] Attempting to close NetworkClient that has already been closed. (org.apache.kafka.clients.NetworkClient)
[2026-05-26 20:11:09,501] INFO Node to controller channel manager for registration shutdown (kafka.server.NodeToControllerChannelManagerImpl)
[2026-05-26 20:11:09,504] INFO [ControllerRegistrationManager id=1 incarnation=ApNtkt96QluqPj7kDFNFpA] closed event queue. (org.apache.kafka.queue.KafkaEventQueue)
[2026-05-26 20:11:09,507] INFO [SocketServer listenerType=CONTROLLER, nodeId=1] Stopping socket server request processors (kafka.network.SocketServer)
[2026-05-26 20:11:09,511] INFO [SocketServer listenerType=CONTROLLER, nodeId=1] Stopped socket server request processors (kafka.network.SocketServer)
[2026-05-26 20:11:09,512] INFO [QuorumController id=1] QuorumController#beginShutdown: shutting down event queue. (org.apache.kafka.queue.KafkaEventQueue)
[2026-05-26 20:11:09,513] INFO [SocketServer listenerType=CONTROLLER, nodeId=1] Shutting down socket server (kafka.network.SocketServer)
[2026-05-26 20:11:09,520] INFO [SocketServer listenerType=CONTROLLER, nodeId=1] Shutdown completed (kafka.network.SocketServer)
[2026-05-26 20:11:09,522] INFO [data-plane Kafka Request Handler on Controller 1] shutting down (kafka.server.KafkaRequestHandlerPool)
[2026-05-26 20:11:09,523] INFO [data-plane Kafka Request Handler on Controller 1] shut down completely (kafka.server.KafkaRequestHandlerPool)
[2026-05-26 20:11:09,524] INFO [ExpirationReaper-1-AlterAcls]: Shutting down (org.apache.kafka.server.purgatory.DelayedOperationPurgatory$ExpiredOperationReaper)
[2026-05-26 20:11:09,524] INFO [ExpirationReaper-1-AlterAcls]: Stopped (org.apache.kafka.server.purgatory.DelayedOperationPurgatory$ExpiredOperationReaper)
[2026-05-26 20:11:09,524] INFO [ExpirationReaper-1-AlterAcls]: Shutdown completed (org.apache.kafka.server.purgatory.DelayedOperationPurgatory$ExpiredOperationReaper)
[2026-05-26 20:11:09,525] INFO [controller-1-ThrottledChannelReaper-Fetch]: Shutting down (kafka.server.ClientQuotaManager$ThrottledChannelReaper)
[2026-05-26 20:11:09,529] INFO [controller-1-ThrottledChannelReaper-Fetch]: Stopped (kafka.server.ClientQuotaManager$ThrottledChannelReaper)
[2026-05-26 20:11:09,529] INFO [controller-1-ThrottledChannelReaper-Fetch]: Shutdown completed (kafka.server.ClientQuotaManager$ThrottledChannelReaper)
[2026-05-26 20:11:09,531] INFO [controller-1-ThrottledChannelReaper-Produce]: Shutting down (kafka.server.ClientQuotaManager$ThrottledChannelReaper)
[2026-05-26 20:11:09,531] INFO [controller-1-ThrottledChannelReaper-Produce]: Stopped (kafka.server.ClientQuotaManager$ThrottledChannelReaper)
[2026-05-26 20:11:09,534] INFO [controller-1-ThrottledChannelReaper-Produce]: Shutdown completed (kafka.server.ClientQuotaManager$ThrottledChannelReaper)
[2026-05-26 20:11:09,534] INFO [controller-1-ThrottledChannelReaper-Request]: Shutting down (kafka.server.ClientQuotaManager$ThrottledChannelReaper)
[2026-05-26 20:11:09,535] INFO [controller-1-ThrottledChannelReaper-Request]: Shutdown completed (kafka.server.ClientQuotaManager$ThrottledChannelReaper)
[2026-05-26 20:11:09,536] INFO [controller-1-ThrottledChannelReaper-ControllerMutation]: Shutting down (kafka.server.ClientQuotaManager$ThrottledChannelReaper)
[2026-05-26 20:11:09,535] INFO [controller-1-ThrottledChannelReaper-Request]: Stopped (kafka.server.ClientQuotaManager$ThrottledChannelReaper)
[2026-05-26 20:11:09,536] INFO [controller-1-ThrottledChannelReaper-ControllerMutation]: Stopped (kafka.server.ClientQuotaManager$ThrottledChannelReaper)
[2026-05-26 20:11:09,536] INFO [controller-1-ThrottledChannelReaper-ControllerMutation]: Shutdown completed (kafka.server.ClientQuotaManager$ThrottledChannelReaper)
[2026-05-26 20:11:09,537] INFO [QuorumController id=1] closed event queue. (org.apache.kafka.queue.KafkaEventQueue)
[2026-05-26 20:11:09,538] INFO [SharedServer id=1] Stopping SharedServer (kafka.server.SharedServer)
[2026-05-26 20:11:09,538] INFO [MetadataLoader id=1] beginShutdown: shutting down event queue. (org.apache.kafka.queue.KafkaEventQueue)
[2026-05-26 20:11:09,538] INFO [SnapshotGenerator id=1] close: shutting down event queue. (org.apache.kafka.queue.KafkaEventQueue)
[2026-05-26 20:11:09,538] INFO [SnapshotGenerator id=1] closed event queue. (org.apache.kafka.queue.KafkaEventQueue)
[2026-05-26 20:11:09,538] INFO [MetadataLoader id=1] closed event queue. (org.apache.kafka.queue.KafkaEventQueue)
[2026-05-26 20:11:09,542] INFO [SnapshotGenerator id=1] closed event queue. (org.apache.kafka.queue.KafkaEventQueue)
[2026-05-26 20:11:09,542] INFO Metrics scheduler closed (org.apache.kafka.common.metrics.Metrics)
[2026-05-26 20:11:09,542] INFO Closing reporter org.apache.kafka.common.metrics.JmxReporter (org.apache.kafka.common.metrics.Metrics)
[2026-05-26 20:11:09,544] INFO Metrics reporters closed (org.apache.kafka.common.metrics.Metrics)
[2026-05-26 20:11:09,544] INFO App info kafka.server for 1 unregistered (org.apache.kafka.common.utils.AppInfoParser)
[2026-05-26 20:11:09,546] INFO App info kafka.server for 1 unregistered (org.apache.kafka.common.utils.AppInfoParser)
